[0.007s] Invoking command in '/root/milo_ws/build/milo_simulation': CMAKE_PREFIX_PATH=${CMAKE_PREFIX_PATH}:/opt/ros/jazzy /usr/bin/cmake /root/milo_ws/src/simulation/milo_simulation -DCMAKE_INSTALL_PREFIX=/root/milo_ws/install/milo_simulation
[0.043s] -- The C compiler identification is GNU 13.3.0
[0.083s] -- The CXX compiler identification is GNU 13.3.0
[0.095s] -- Detecting C compiler ABI info
[0.153s] -- Detecting C compiler ABI info - done
[0.158s] -- Check for working C compiler: /usr/bin/cc - skipped
[0.158s] -- Detecting C compile features
[0.158s] -- Detecting C compile features - done
[0.164s] -- Detecting CXX compiler ABI info
[0.230s] -- Detecting CXX compiler ABI info - done
[0.235s] -- Check for working CXX compiler: /usr/bin/c++ - skipped
[0.235s] -- Detecting CXX compile features
[0.236s] -- Detecting CXX compile features - done
[0.239s] -- Found ament_cmake: 2.5.4 (/opt/ros/jazzy/share/ament_cmake/cmake)
[0.335s] -- Found Python3: /usr/bin/python3 (found version "3.12.3") found components: Interpreter 
[0.413s] -- Found rclcpp: 28.1.12 (/opt/ros/jazzy/share/rclcpp/cmake)
[0.449s] -- Found rosidl_generator_c: 4.6.6 (/opt/ros/jazzy/share/rosidl_generator_c/cmake)
[0.462s] -- Found rosidl_generator_cpp: 4.6.6 (/opt/ros/jazzy/share/rosidl_generator_cpp/cmake)
[0.475s] -- Using all available rosidl_typesupport_c: rosidl_typesupport_fastrtps_c;rosidl_typesupport_introspection_c
[0.490s] -- Using all available rosidl_typesupport_cpp: rosidl_typesupport_fastrtps_cpp;rosidl_typesupport_introspection_cpp
[0.549s] -- Found rmw_implementation_cmake: 7.3.2 (/opt/ros/jazzy/share/rmw_implementation_cmake/cmake)
[0.553s] -- Found rmw_fastrtps_cpp: 8.4.3 (/opt/ros/jazzy/share/rmw_fastrtps_cpp/cmake)
[0.618s] -- Found OpenSSL: /usr/lib/x86_64-linux-gnu/libcrypto.so (found version "3.0.13")  
[0.632s] -- Found FastRTPS: /opt/ros/jazzy/include (Required is at least version "2.13") 
[0.647s] -- Using RMW implementation 'rmw_fastrtps_cpp' as default
[0.697s] -- Found rclpy: 7.1.5 (/opt/ros/jazzy/share/rclpy/cmake)
[0.757s] -- Found ament_lint_auto: 0.17.3 (/opt/ros/jazzy/share/ament_lint_auto/cmake)
[0.827s] -- Added test 'flake8' to check Python code syntax and style conventions
[0.827s] -- Configured 'flake8' exclude dirs and/or files: 
[0.827s] -- Added test 'lint_cmake' to check CMake code style
[0.827s] -- Added test 'pep257' to check Python code against some of the docstring style conventions in PEP 257
[0.828s] -- Added test 'xmllint' to check XML markup files
[0.828s] -- Configuring done (0.8s)
[0.831s] -- Generating done (0.0s)
[0.833s] -- Build files have been written to: /root/milo_ws/build/milo_simulation
[0.838s] Invoked command in '/root/milo_ws/build/milo_simulation' returned '0': CMAKE_PREFIX_PATH=${CMAKE_PREFIX_PATH}:/opt/ros/jazzy /usr/bin/cmake /root/milo_ws/src/simulation/milo_simulation -DCMAKE_INSTALL_PREFIX=/root/milo_ws/install/milo_simulation
[0.839s] Invoking command in '/root/milo_ws/build/milo_simulation': CMAKE_PREFIX_PATH=${CMAKE_PREFIX_PATH}:/opt/ros/jazzy /usr/bin/cmake --build /root/milo_ws/build/milo_simulation -- -j32 -l32
[0.886s] Built target ament_cmake_python_copy_milo_simulation
[0.995s] running egg_info
[0.995s] creating milo_simulation.egg-info
[1.004s] writing milo_simulation.egg-info/PKG-INFO
[1.004s] writing dependency_links to milo_simulation.egg-info/dependency_links.txt
[1.004s] writing top-level names to milo_simulation.egg-info/top_level.txt
[1.004s] writing manifest file 'milo_simulation.egg-info/SOURCES.txt'
[1.028s] reading manifest file 'milo_simulation.egg-info/SOURCES.txt'
[1.029s] writing manifest file 'milo_simulation.egg-info/SOURCES.txt'
[1.046s] Built target ament_cmake_python_build_milo_simulation_egg
[1.054s] Invoked command in '/root/milo_ws/build/milo_simulation' returned '0': CMAKE_PREFIX_PATH=${CMAKE_PREFIX_PATH}:/opt/ros/jazzy /usr/bin/cmake --build /root/milo_ws/build/milo_simulation -- -j32 -l32
[1.062s] Invoking command in '/root/milo_ws/build/milo_simulation': CMAKE_PREFIX_PATH=${CMAKE_PREFIX_PATH}:/opt/ros/jazzy /usr/bin/cmake --install /root/milo_ws/build/milo_simulation
[1.066s] -- Install configuration: ""
[1.066s] -- Installing: /root/milo_ws/install/milo_simulation/share/milo_simulation/environment/pythonpath.sh
[1.067s] -- Installing: /root/milo_ws/install/milo_simulation/share/milo_simulation/environment/pythonpath.dsv
[1.067s] -- Installing: /root/milo_ws/install/milo_simulation/lib/python3.12/site-packages/milo_simulation-0.0.0-py3.12.egg-info
[1.067s] -- Installing: /root/milo_ws/install/milo_simulation/lib/python3.12/site-packages/milo_simulation-0.0.0-py3.12.egg-info/top_level.txt
[1.067s] -- Installing: /root/milo_ws/install/milo_simulation/lib/python3.12/site-packages/milo_simulation-0.0.0-py3.12.egg-info/dependency_links.txt
[1.067s] -- Installing: /root/milo_ws/install/milo_simulation/lib/python3.12/site-packages/milo_simulation-0.0.0-py3.12.egg-info/SOURCES.txt
[1.067s] -- Installing: /root/milo_ws/install/milo_simulation/lib/python3.12/site-packages/milo_simulation-0.0.0-py3.12.egg-info/PKG-INFO
[1.067s] -- Installing: /root/milo_ws/install/milo_simulation/lib/python3.12/site-packages/milo_simulation
[1.067s] -- Installing: /root/milo_ws/install/milo_simulation/lib/python3.12/site-packages/milo_simulation/__init__.py
[1.088s] Listing '/root/milo_ws/install/milo_simulation/lib/python3.12/site-packages/milo_simulation'...
[1.088s] Compiling '/root/milo_ws/install/milo_simulation/lib/python3.12/site-packages/milo_simulation/__init__.py'...
[1.091s] -- Installing: /root/milo_ws/install/milo_simulation/share/milo_simulation/config
[1.091s] -- Installing: /root/milo_ws/install/milo_simulation/share/milo_simulation/config/gazebo_params.yaml
[1.091s] -- Installing: /root/milo_ws/install/milo_simulation/share/milo_simulation/config/view_milo.rviz
[1.091s] -- Installing: /root/milo_ws/install/milo_simulation/share/milo_simulation/launch
[1.091s] -- Installing: /root/milo_ws/install/milo_simulation/share/milo_simulation/launch/milo_simulation.launch.py
[1.091s] -- Installing: /root/milo_ws/install/milo_simulation/share/ament_index/resource_index/package_run_dependencies/milo_simulation
[1.091s] -- Installing: /root/milo_ws/install/milo_simulation/share/ament_index/resource_index/parent_prefix_path/milo_simulation
[1.091s] -- Installing: /root/milo_ws/install/milo_simulation/share/milo_simulation/environment/ament_prefix_path.sh
[1.091s] -- Installing: /root/milo_ws/install/milo_simulation/share/milo_simulation/environment/ament_prefix_path.dsv
[1.092s] -- Installing: /root/milo_ws/install/milo_simulation/share/milo_simulation/environment/path.sh
[1.092s] -- Installing: /root/milo_ws/install/milo_simulation/share/milo_simulation/environment/path.dsv
[1.092s] -- Installing: /root/milo_ws/install/milo_simulation/share/milo_simulation/local_setup.bash
[1.092s] -- Installing: /root/milo_ws/install/milo_simulation/share/milo_simulation/local_setup.sh
[1.092s] -- Installing: /root/milo_ws/install/milo_simulation/share/milo_simulation/local_setup.zsh
[1.092s] -- Installing: /root/milo_ws/install/milo_simulation/share/milo_simulation/local_setup.dsv
[1.092s] -- Installing: /root/milo_ws/install/milo_simulation/share/milo_simulation/package.dsv
[1.092s] -- Installing: /root/milo_ws/install/milo_simulation/share/ament_index/resource_index/packages/milo_simulation
[1.092s] -- Installing: /root/milo_ws/install/milo_simulation/share/milo_simulation/cmake/milo_simulationConfig.cmake
[1.092s] -- Installing: /root/milo_ws/install/milo_simulation/share/milo_simulation/cmake/milo_simulationConfig-version.cmake
[1.092s] -- Installing: /root/milo_ws/install/milo_simulation/share/milo_simulation/package.xml
[1.096s] Invoked command in '/root/milo_ws/build/milo_simulation' returned '0': CMAKE_PREFIX_PATH=${CMAKE_PREFIX_PATH}:/opt/ros/jazzy /usr/bin/cmake --install /root/milo_ws/build/milo_simulation
