-- The C compiler identification is GNU 13.3.0
-- The CXX compiler identification is GNU 13.3.0
-- Detecting C compiler ABI info
-- Detecting C compiler ABI info - done
-- Check for working C compiler: /usr/bin/cc - skipped
-- Detecting C compile features
-- Detecting C compile features - done
-- Detecting CXX compiler ABI info
-- Detecting CXX compiler ABI info - done
-- Check for working CXX compiler: /usr/bin/c++ - skipped
-- Detecting CXX compile features
-- Detecting CXX compile features - done
-- Found ament_cmake: 2.5.4 (/opt/ros/jazzy/share/ament_cmake/cmake)
-- Found Python3: /usr/bin/python3 (found version "3.12.3") found components: Interpreter 
-- Found rclcpp: 28.1.12 (/opt/ros/jazzy/share/rclcpp/cmake)
-- Found rosidl_generator_c: 4.6.6 (/opt/ros/jazzy/share/rosidl_generator_c/cmake)
-- Found rosidl_generator_cpp: 4.6.6 (/opt/ros/jazzy/share/rosidl_generator_cpp/cmake)
-- Using all available rosidl_typesupport_c: rosidl_typesupport_fastrtps_c;rosidl_typesupport_introspection_c
-- Using all available rosidl_typesupport_cpp: rosidl_typesupport_fastrtps_cpp;rosidl_typesupport_introspection_cpp
-- Found rmw_implementation_cmake: 7.3.2 (/opt/ros/jazzy/share/rmw_implementation_cmake/cmake)
-- Found rmw_fastrtps_cpp: 8.4.3 (/opt/ros/jazzy/share/rmw_fastrtps_cpp/cmake)
-- Found OpenSSL: /usr/lib/x86_64-linux-gnu/libcrypto.so (found version "3.0.13")  
-- Found FastRTPS: /opt/ros/jazzy/include (Required is at least version "2.13") 
-- Using RMW implementation 'rmw_fastrtps_cpp' as default
-- Found rclpy: 7.1.5 (/opt/ros/jazzy/share/rclpy/cmake)
-- Found ament_lint_auto: 0.17.3 (/opt/ros/jazzy/share/ament_lint_auto/cmake)
-- Added test 'flake8' to check Python code syntax and style conventions
-- Configured 'flake8' exclude dirs and/or files: 
-- Added test 'lint_cmake' to check CMake code style
-- Added test 'pep257' to check Python code against some of the docstring style conventions in PEP 257
-- Added test 'xmllint' to check XML markup files
-- Configuring done (0.8s)
-- Generating done (0.0s)
-- Build files have been written to: /root/milo_ws/build/milo_description
Built target ament_cmake_python_copy_milo_description
running egg_info
creating milo_description.egg-info
writing milo_description.egg-info/PKG-INFO
writing dependency_links to milo_description.egg-info/dependency_links.txt
writing top-level names to milo_description.egg-info/top_level.txt
writing manifest file 'milo_description.egg-info/SOURCES.txt'
reading manifest file 'milo_description.egg-info/SOURCES.txt'
writing manifest file 'milo_description.egg-info/SOURCES.txt'
Built target ament_cmake_python_build_milo_description_egg
-- Install configuration: ""
-- Installing: /root/milo_ws/install/milo_description/share/milo_description/environment/pythonpath.sh
-- Installing: /root/milo_ws/install/milo_description/share/milo_description/environment/pythonpath.dsv
-- Installing: /root/milo_ws/install/milo_description/lib/python3.12/site-packages/milo_description-0.0.0-py3.12.egg-info
-- Installing: /root/milo_ws/install/milo_description/lib/python3.12/site-packages/milo_description-0.0.0-py3.12.egg-info/top_level.txt
-- Installing: /root/milo_ws/install/milo_description/lib/python3.12/site-packages/milo_description-0.0.0-py3.12.egg-info/dependency_links.txt
-- Installing: /root/milo_ws/install/milo_description/lib/python3.12/site-packages/milo_description-0.0.0-py3.12.egg-info/SOURCES.txt
-- Installing: /root/milo_ws/install/milo_description/lib/python3.12/site-packages/milo_description-0.0.0-py3.12.egg-info/PKG-INFO
-- Installing: /root/milo_ws/install/milo_description/lib/python3.12/site-packages/milo_description
-- Installing: /root/milo_ws/install/milo_description/lib/python3.12/site-packages/milo_description/__init__.py
Listing '/root/milo_ws/install/milo_description/lib/python3.12/site-packages/milo_description'...
Compiling '/root/milo_ws/install/milo_description/lib/python3.12/site-packages/milo_description/__init__.py'...
-- Installing: /root/milo_ws/install/milo_description/share/milo_description/config
-- Installing: /root/milo_ws/install/milo_description/share/milo_description/config/my_controllers.yaml
-- Installing: /root/milo_ws/install/milo_description/share/milo_description/models
-- Installing: /root/milo_ws/install/milo_description/share/milo_description/models/old_xacros
-- Installing: /root/milo_ws/install/milo_description/share/milo_description/models/old_xacros/robot.gazebo
-- Installing: /root/milo_ws/install/milo_description/share/milo_description/models/old_xacros/diff_drive_control.xacro
-- Installing: /root/milo_ws/install/milo_description/share/milo_description/models/old_xacros/new_robot_core.xacro
-- Installing: /root/milo_ws/install/milo_description/share/milo_description/models/milo_bot
-- Installing: /root/milo_ws/install/milo_description/share/milo_description/models/milo_bot/robot_core.xacro
-- Installing: /root/milo_ws/install/milo_description/share/milo_description/models/milo_bot/inertial_macros.xacro
-- Installing: /root/milo_ws/install/milo_description/share/milo_description/models/milo_bot/robot.urdf.xacro
-- Installing: /root/milo_ws/install/milo_description/share/milo_description/models/milo_bot/camera.xacro
-- Installing: /root/milo_ws/install/milo_description/share/milo_description/models/milo_bot/skid_steer_control.xacro
-- Installing: /root/milo_ws/install/milo_description/share/milo_description/models/milo_bot/lidar.xacro
-- Installing: /root/milo_ws/install/milo_description/share/milo_description/models/milo_bot/ros2_control.xacro
-- Installing: /root/milo_ws/install/milo_description/share/milo_description/worlds
-- Installing: /root/milo_ws/install/milo_description/share/milo_description/worlds/obstacles.world
-- Installing: /root/milo_ws/install/milo_description/share/milo_description/launch
-- Installing: /root/milo_ws/install/milo_description/share/milo_description/launch/rsp.launch.py
-- Installing: /root/milo_ws/install/milo_description/share/milo_description/launch/milo_description.launch.py
-- Installing: /root/milo_ws/install/milo_description/share/ament_index/resource_index/package_run_dependencies/milo_description
-- Installing: /root/milo_ws/install/milo_description/share/ament_index/resource_index/parent_prefix_path/milo_description
-- Installing: /root/milo_ws/install/milo_description/share/milo_description/environment/ament_prefix_path.sh
-- Installing: /root/milo_ws/install/milo_description/share/milo_description/environment/ament_prefix_path.dsv
-- Installing: /root/milo_ws/install/milo_description/share/milo_description/environment/path.sh
-- Installing: /root/milo_ws/install/milo_description/share/milo_description/environment/path.dsv
-- Installing: /root/milo_ws/install/milo_description/share/milo_description/local_setup.bash
-- Installing: /root/milo_ws/install/milo_description/share/milo_description/local_setup.sh
-- Installing: /root/milo_ws/install/milo_description/share/milo_description/local_setup.zsh
-- Installing: /root/milo_ws/install/milo_description/share/milo_description/local_setup.dsv
-- Installing: /root/milo_ws/install/milo_description/share/milo_description/package.dsv
-- Installing: /root/milo_ws/install/milo_description/share/ament_index/resource_index/packages/milo_description
-- Installing: /root/milo_ws/install/milo_description/share/milo_description/cmake/milo_descriptionConfig.cmake
-- Installing: /root/milo_ws/install/milo_description/share/milo_description/cmake/milo_descriptionConfig-version.cmake
-- Installing: /root/milo_ws/install/milo_description/share/milo_description/package.xml
