[0.008s] Invoking command in '/root/milo_ws/build/milo_bringup': CMAKE_PREFIX_PATH=${CMAKE_PREFIX_PATH}:/opt/ros/jazzy /usr/bin/cmake /root/milo_ws/src/milo_bringup -DCMAKE_INSTALL_PREFIX=/root/milo_ws/install/milo_bringup
[0.045s] -- The C compiler identification is GNU 13.3.0
[0.076s] -- The CXX compiler identification is GNU 13.3.0
[0.087s] -- Detecting C compiler ABI info
[0.150s] -- Detecting C compiler ABI info - done
[0.156s] -- Check for working C compiler: /usr/bin/cc - skipped
[0.156s] -- Detecting C compile features
[0.157s] -- Detecting C compile features - done
[0.162s] -- Detecting CXX compiler ABI info
[0.225s] -- Detecting CXX compiler ABI info - done
[0.231s] -- Check for working CXX compiler: /usr/bin/c++ - skipped
[0.231s] -- Detecting CXX compile features
[0.232s] -- Detecting CXX compile features - done
[0.234s] -- Found ament_cmake: 2.5.4 (/opt/ros/jazzy/share/ament_cmake/cmake)
[0.331s] -- Found Python3: /usr/bin/python3 (found version "3.12.3") found components: Interpreter 
[0.409s] -- Found rclcpp: 28.1.12 (/opt/ros/jazzy/share/rclcpp/cmake)
[0.443s] -- Found rosidl_generator_c: 4.6.6 (/opt/ros/jazzy/share/rosidl_generator_c/cmake)
[0.456s] -- Found rosidl_generator_cpp: 4.6.6 (/opt/ros/jazzy/share/rosidl_generator_cpp/cmake)
[0.468s] -- Using all available rosidl_typesupport_c: rosidl_typesupport_fastrtps_c;rosidl_typesupport_introspection_c
[0.482s] -- Using all available rosidl_typesupport_cpp: rosidl_typesupport_fastrtps_cpp;rosidl_typesupport_introspection_cpp
[0.537s] -- Found rmw_implementation_cmake: 7.3.2 (/opt/ros/jazzy/share/rmw_implementation_cmake/cmake)
[0.540s] -- Found rmw_fastrtps_cpp: 8.4.3 (/opt/ros/jazzy/share/rmw_fastrtps_cpp/cmake)
[0.606s] -- Found OpenSSL: /usr/lib/x86_64-linux-gnu/libcrypto.so (found version "3.0.13")  
[0.624s] -- Found FastRTPS: /opt/ros/jazzy/include (Required is at least version "2.13") 
[0.642s] -- Using RMW implementation 'rmw_fastrtps_cpp' as default
[0.699s] -- Found rclpy: 7.1.5 (/opt/ros/jazzy/share/rclpy/cmake)
[0.764s] -- Found ament_lint_auto: 0.17.3 (/opt/ros/jazzy/share/ament_lint_auto/cmake)
[0.837s] -- Added test 'flake8' to check Python code syntax and style conventions
[0.837s] -- Configured 'flake8' exclude dirs and/or files: 
[0.837s] -- Added test 'lint_cmake' to check CMake code style
[0.838s] -- Added test 'pep257' to check Python code against some of the docstring style conventions in PEP 257
[0.838s] -- Added test 'xmllint' to check XML markup files
[0.839s] -- Configuring done (0.8s)
[0.841s] -- Generating done (0.0s)
[0.843s] -- Build files have been written to: /root/milo_ws/build/milo_bringup
[0.848s] Invoked command in '/root/milo_ws/build/milo_bringup' returned '0': CMAKE_PREFIX_PATH=${CMAKE_PREFIX_PATH}:/opt/ros/jazzy /usr/bin/cmake /root/milo_ws/src/milo_bringup -DCMAKE_INSTALL_PREFIX=/root/milo_ws/install/milo_bringup
[0.849s] Invoking command in '/root/milo_ws/build/milo_bringup': CMAKE_PREFIX_PATH=${CMAKE_PREFIX_PATH}:/opt/ros/jazzy /usr/bin/cmake --build /root/milo_ws/build/milo_bringup -- -j32 -l32
[0.891s] Built target ament_cmake_python_copy_milo_bringup
[1.000s] running egg_info
[1.000s] creating milo_bringup.egg-info
[1.008s] writing milo_bringup.egg-info/PKG-INFO
[1.009s] writing dependency_links to milo_bringup.egg-info/dependency_links.txt
[1.009s] writing top-level names to milo_bringup.egg-info/top_level.txt
[1.009s] writing manifest file 'milo_bringup.egg-info/SOURCES.txt'
[1.035s] reading manifest file 'milo_bringup.egg-info/SOURCES.txt'
[1.035s] writing manifest file 'milo_bringup.egg-info/SOURCES.txt'
[1.053s] Built target ament_cmake_python_build_milo_bringup_egg
[1.068s] Invoked command in '/root/milo_ws/build/milo_bringup' returned '0': CMAKE_PREFIX_PATH=${CMAKE_PREFIX_PATH}:/opt/ros/jazzy /usr/bin/cmake --build /root/milo_ws/build/milo_bringup -- -j32 -l32
[1.069s] Invoking command in '/root/milo_ws/build/milo_bringup': CMAKE_PREFIX_PATH=${CMAKE_PREFIX_PATH}:/opt/ros/jazzy /usr/bin/cmake --install /root/milo_ws/build/milo_bringup
[1.075s] -- Install configuration: ""
[1.075s] -- Installing: /root/milo_ws/install/milo_bringup/share/milo_bringup/environment/pythonpath.sh
[1.075s] -- Installing: /root/milo_ws/install/milo_bringup/share/milo_bringup/environment/pythonpath.dsv
[1.075s] -- Installing: /root/milo_ws/install/milo_bringup/lib/python3.12/site-packages/milo_bringup-0.0.0-py3.12.egg-info
[1.075s] -- Installing: /root/milo_ws/install/milo_bringup/lib/python3.12/site-packages/milo_bringup-0.0.0-py3.12.egg-info/top_level.txt
[1.075s] -- Installing: /root/milo_ws/install/milo_bringup/lib/python3.12/site-packages/milo_bringup-0.0.0-py3.12.egg-info/dependency_links.txt
[1.076s] -- Installing: /root/milo_ws/install/milo_bringup/lib/python3.12/site-packages/milo_bringup-0.0.0-py3.12.egg-info/SOURCES.txt
[1.076s] -- Installing: /root/milo_ws/install/milo_bringup/lib/python3.12/site-packages/milo_bringup-0.0.0-py3.12.egg-info/PKG-INFO
[1.076s] -- Installing: /root/milo_ws/install/milo_bringup/lib/python3.12/site-packages/milo_bringup
[1.076s] -- Installing: /root/milo_ws/install/milo_bringup/lib/python3.12/site-packages/milo_bringup/__init__.py
[1.096s] Listing '/root/milo_ws/install/milo_bringup/lib/python3.12/site-packages/milo_bringup'...
[1.096s] Compiling '/root/milo_ws/install/milo_bringup/lib/python3.12/site-packages/milo_bringup/__init__.py'...
[1.099s] -- Installing: /root/milo_ws/install/milo_bringup/share/milo_bringup/launch
[1.099s] -- Installing: /root/milo_ws/install/milo_bringup/share/milo_bringup/launch/milo_bringup.launch.py
[1.099s] -- Installing: /root/milo_ws/install/milo_bringup/share/ament_index/resource_index/package_run_dependencies/milo_bringup
[1.099s] -- Installing: /root/milo_ws/install/milo_bringup/share/ament_index/resource_index/parent_prefix_path/milo_bringup
[1.099s] -- Installing: /root/milo_ws/install/milo_bringup/share/milo_bringup/environment/ament_prefix_path.sh
[1.099s] -- Installing: /root/milo_ws/install/milo_bringup/share/milo_bringup/environment/ament_prefix_path.dsv
[1.099s] -- Installing: /root/milo_ws/install/milo_bringup/share/milo_bringup/environment/path.sh
[1.099s] -- Installing: /root/milo_ws/install/milo_bringup/share/milo_bringup/environment/path.dsv
[1.099s] -- Installing: /root/milo_ws/install/milo_bringup/share/milo_bringup/local_setup.bash
[1.099s] -- Installing: /root/milo_ws/install/milo_bringup/share/milo_bringup/local_setup.sh
[1.099s] -- Installing: /root/milo_ws/install/milo_bringup/share/milo_bringup/local_setup.zsh
[1.099s] -- Installing: /root/milo_ws/install/milo_bringup/share/milo_bringup/local_setup.dsv
[1.099s] -- Installing: /root/milo_ws/install/milo_bringup/share/milo_bringup/package.dsv
[1.099s] -- Installing: /root/milo_ws/install/milo_bringup/share/ament_index/resource_index/packages/milo_bringup
[1.099s] -- Installing: /root/milo_ws/install/milo_bringup/share/milo_bringup/cmake/milo_bringupConfig.cmake
[1.099s] -- Installing: /root/milo_ws/install/milo_bringup/share/milo_bringup/cmake/milo_bringupConfig-version.cmake
[1.099s] -- Installing: /root/milo_ws/install/milo_bringup/share/milo_bringup/package.xml
[1.113s] Invoked command in '/root/milo_ws/build/milo_bringup' returned '0': CMAKE_PREFIX_PATH=${CMAKE_PREFIX_PATH}:/opt/ros/jazzy /usr/bin/cmake --install /root/milo_ws/build/milo_bringup
