-- The C compiler identification is GNU 13.3.0
-- The CXX compiler identification is GNU 13.3.0
-- Detecting C compiler ABI info
-- Detecting C compiler ABI info - done
-- Check for working C compiler: /usr/bin/cc - skipped
-- Detecting C compile features
-- Detecting C compile features - done
-- Detecting CXX compiler ABI info
-- Detecting CXX compiler ABI info - done
-- Check for working CXX compiler: /usr/bin/c++ - skipped
-- Detecting CXX compile features
-- Detecting CXX compile features - done
-- Found ament_cmake: 2.5.4 (/opt/ros/jazzy/share/ament_cmake/cmake)
-- Found Python3: /usr/bin/python3 (found version "3.12.3") found components: Interpreter 
-- Found rclcpp: 28.1.12 (/opt/ros/jazzy/share/rclcpp/cmake)
-- Found rosidl_generator_c: 4.6.6 (/opt/ros/jazzy/share/rosidl_generator_c/cmake)
-- Found rosidl_generator_cpp: 4.6.6 (/opt/ros/jazzy/share/rosidl_generator_cpp/cmake)
-- Using all available rosidl_typesupport_c: rosidl_typesupport_fastrtps_c;rosidl_typesupport_introspection_c
-- Using all available rosidl_typesupport_cpp: rosidl_typesupport_fastrtps_cpp;rosidl_typesupport_introspection_cpp
-- Found rmw_implementation_cmake: 7.3.2 (/opt/ros/jazzy/share/rmw_implementation_cmake/cmake)
-- Found rmw_fastrtps_cpp: 8.4.3 (/opt/ros/jazzy/share/rmw_fastrtps_cpp/cmake)
-- Found OpenSSL: /usr/lib/x86_64-linux-gnu/libcrypto.so (found version "3.0.13")  
-- Found FastRTPS: /opt/ros/jazzy/include (Required is at least version "2.13") 
-- Using RMW implementation 'rmw_fastrtps_cpp' as default
-- Found rclpy: 7.1.5 (/opt/ros/jazzy/share/rclpy/cmake)
-- Found std_msgs: 5.3.6 (/opt/ros/jazzy/share/std_msgs/cmake)
-- Found ament_lint_auto: 0.17.3 (/opt/ros/jazzy/share/ament_lint_auto/cmake)
-- Added test 'cppcheck' to perform static code analysis on C / C++ code
-- Configured cppcheck include dirs: /root/milo_ws/src/example_pkg/include
-- Configured cppcheck exclude dirs and/or files: 
-- Added test 'flake8' to check Python code syntax and style conventions
-- Configured 'flake8' exclude dirs and/or files: 
-- Added test 'lint_cmake' to check CMake code style
-- Added test 'pep257' to check Python code against some of the docstring style conventions in PEP 257
-- Added test 'uncrustify' to check C / C++ code style
-- Configured uncrustify additional arguments: 
-- Added test 'xmllint' to check XML markup files
-- Configuring done (0.8s)
-- Generating done (0.0s)
-- Build files have been written to: /root/milo_ws/build/example_pkg
[ 50%] [32mBuilding CXX object CMakeFiles/example_node_cpp.dir/src/example_node_cpp.cpp.o[0m
[ 50%] Built target ament_cmake_python_copy_example_pkg
running egg_info
creating example_pkg.egg-info
writing example_pkg.egg-info/PKG-INFO
writing dependency_links to example_pkg.egg-info/dependency_links.txt
writing top-level names to example_pkg.egg-info/top_level.txt
writing manifest file 'example_pkg.egg-info/SOURCES.txt'
reading manifest file 'example_pkg.egg-info/SOURCES.txt'
writing manifest file 'example_pkg.egg-info/SOURCES.txt'
[ 50%] Built target ament_cmake_python_build_example_pkg_egg
[100%] [32m[1mLinking CXX executable example_node_cpp[0m
[100%] Built target example_node_cpp
-- Install configuration: ""
-- Installing: /root/milo_ws/install/example_pkg/lib/example_pkg/example_node_cpp
-- Set non-toolchain portion of runtime path of "/root/milo_ws/install/example_pkg/lib/example_pkg/example_node_cpp" to ""
-- Installing: /root/milo_ws/install/example_pkg/share/example_pkg/environment/pythonpath.sh
-- Installing: /root/milo_ws/install/example_pkg/share/example_pkg/environment/pythonpath.dsv
-- Installing: /root/milo_ws/install/example_pkg/lib/python3.12/site-packages/example_pkg-0.0.0-py3.12.egg-info
-- Installing: /root/milo_ws/install/example_pkg/lib/python3.12/site-packages/example_pkg-0.0.0-py3.12.egg-info/top_level.txt
-- Installing: /root/milo_ws/install/example_pkg/lib/python3.12/site-packages/example_pkg-0.0.0-py3.12.egg-info/dependency_links.txt
-- Installing: /root/milo_ws/install/example_pkg/lib/python3.12/site-packages/example_pkg-0.0.0-py3.12.egg-info/SOURCES.txt
-- Installing: /root/milo_ws/install/example_pkg/lib/python3.12/site-packages/example_pkg-0.0.0-py3.12.egg-info/PKG-INFO
-- Installing: /root/milo_ws/install/example_pkg/lib/python3.12/site-packages/example_pkg
-- Installing: /root/milo_ws/install/example_pkg/lib/python3.12/site-packages/example_pkg/module_to_import.py
-- Installing: /root/milo_ws/install/example_pkg/lib/python3.12/site-packages/example_pkg/__init__.py
Listing '/root/milo_ws/install/example_pkg/lib/python3.12/site-packages/example_pkg'...
Compiling '/root/milo_ws/install/example_pkg/lib/python3.12/site-packages/example_pkg/__init__.py'...
Compiling '/root/milo_ws/install/example_pkg/lib/python3.12/site-packages/example_pkg/module_to_import.py'...
-- Installing: /root/milo_ws/install/example_pkg/lib/example_pkg/example_node_py.py
-- Installing: /root/milo_ws/install/example_pkg/share/ament_index/resource_index/package_run_dependencies/example_pkg
-- Installing: /root/milo_ws/install/example_pkg/share/ament_index/resource_index/parent_prefix_path/example_pkg
-- Installing: /root/milo_ws/install/example_pkg/share/example_pkg/environment/ament_prefix_path.sh
-- Installing: /root/milo_ws/install/example_pkg/share/example_pkg/environment/ament_prefix_path.dsv
-- Installing: /root/milo_ws/install/example_pkg/share/example_pkg/environment/path.sh
-- Installing: /root/milo_ws/install/example_pkg/share/example_pkg/environment/path.dsv
-- Installing: /root/milo_ws/install/example_pkg/share/example_pkg/local_setup.bash
-- Installing: /root/milo_ws/install/example_pkg/share/example_pkg/local_setup.sh
-- Installing: /root/milo_ws/install/example_pkg/share/example_pkg/local_setup.zsh
-- Installing: /root/milo_ws/install/example_pkg/share/example_pkg/local_setup.dsv
-- Installing: /root/milo_ws/install/example_pkg/share/example_pkg/package.dsv
-- Installing: /root/milo_ws/install/example_pkg/share/ament_index/resource_index/packages/example_pkg
-- Installing: /root/milo_ws/install/example_pkg/share/example_pkg/cmake/example_pkgConfig.cmake
-- Installing: /root/milo_ws/install/example_pkg/share/example_pkg/cmake/example_pkgConfig-version.cmake
-- Installing: /root/milo_ws/install/example_pkg/share/example_pkg/package.xml
