[0.010s] Invoking command in '/root/milo_ws/build/example_pkg': CMAKE_PREFIX_PATH=${CMAKE_PREFIX_PATH}:/opt/ros/jazzy /usr/bin/cmake /root/milo_ws/src/example_pkg -DCMAKE_INSTALL_PREFIX=/root/milo_ws/install/example_pkg
[0.049s] -- The C compiler identification is GNU 13.3.0
[0.087s] -- The CXX compiler identification is GNU 13.3.0
[0.098s] -- Detecting C compiler ABI info
[0.154s] -- Detecting C compiler ABI info - done
[0.158s] -- Check for working C compiler: /usr/bin/cc - skipped
[0.159s] -- Detecting C compile features
[0.159s] -- Detecting C compile features - done
[0.163s] -- Detecting CXX compiler ABI info
[0.227s] -- Detecting CXX compiler ABI info - done
[0.235s] -- Check for working CXX compiler: /usr/bin/c++ - skipped
[0.235s] -- Detecting CXX compile features
[0.235s] -- Detecting CXX compile features - done
[0.240s] -- Found ament_cmake: 2.5.4 (/opt/ros/jazzy/share/ament_cmake/cmake)
[0.339s] -- Found Python3: /usr/bin/python3 (found version "3.12.3") found components: Interpreter 
[0.418s] -- Found rclcpp: 28.1.12 (/opt/ros/jazzy/share/rclcpp/cmake)
[0.456s] -- Found rosidl_generator_c: 4.6.6 (/opt/ros/jazzy/share/rosidl_generator_c/cmake)
[0.469s] -- Found rosidl_generator_cpp: 4.6.6 (/opt/ros/jazzy/share/rosidl_generator_cpp/cmake)
[0.482s] -- Using all available rosidl_typesupport_c: rosidl_typesupport_fastrtps_c;rosidl_typesupport_introspection_c
[0.497s] -- Using all available rosidl_typesupport_cpp: rosidl_typesupport_fastrtps_cpp;rosidl_typesupport_introspection_cpp
[0.556s] -- Found rmw_implementation_cmake: 7.3.2 (/opt/ros/jazzy/share/rmw_implementation_cmake/cmake)
[0.560s] -- Found rmw_fastrtps_cpp: 8.4.3 (/opt/ros/jazzy/share/rmw_fastrtps_cpp/cmake)
[0.623s] -- Found OpenSSL: /usr/lib/x86_64-linux-gnu/libcrypto.so (found version "3.0.13")  
[0.634s] -- Found FastRTPS: /opt/ros/jazzy/include (Required is at least version "2.13") 
[0.649s] -- Using RMW implementation 'rmw_fastrtps_cpp' as default
[0.699s] -- Found rclpy: 7.1.5 (/opt/ros/jazzy/share/rclpy/cmake)
[0.702s] -- Found std_msgs: 5.3.6 (/opt/ros/jazzy/share/std_msgs/cmake)
[0.774s] -- Found ament_lint_auto: 0.17.3 (/opt/ros/jazzy/share/ament_lint_auto/cmake)
[0.843s] -- Added test 'cppcheck' to perform static code analysis on C / C++ code
[0.843s] -- Configured cppcheck include dirs: /root/milo_ws/src/example_pkg/include
[0.843s] -- Configured cppcheck exclude dirs and/or files: 
[0.843s] -- Added test 'flake8' to check Python code syntax and style conventions
[0.843s] -- Configured 'flake8' exclude dirs and/or files: 
[0.844s] -- Added test 'lint_cmake' to check CMake code style
[0.844s] -- Added test 'pep257' to check Python code against some of the docstring style conventions in PEP 257
[0.845s] -- Added test 'uncrustify' to check C / C++ code style
[0.845s] -- Configured uncrustify additional arguments: 
[0.846s] -- Added test 'xmllint' to check XML markup files
[0.847s] -- Configuring done (0.8s)
[0.852s] -- Generating done (0.0s)
[0.854s] -- Build files have been written to: /root/milo_ws/build/example_pkg
[0.859s] Invoked command in '/root/milo_ws/build/example_pkg' returned '0': CMAKE_PREFIX_PATH=${CMAKE_PREFIX_PATH}:/opt/ros/jazzy /usr/bin/cmake /root/milo_ws/src/example_pkg -DCMAKE_INSTALL_PREFIX=/root/milo_ws/install/example_pkg
[0.860s] Invoking command in '/root/milo_ws/build/example_pkg': CMAKE_PREFIX_PATH=${CMAKE_PREFIX_PATH}:/opt/ros/jazzy /usr/bin/cmake --build /root/milo_ws/build/example_pkg -- -j32 -l32
[0.893s] [ 50%] [32mBuilding CXX object CMakeFiles/example_node_cpp.dir/src/example_node_cpp.cpp.o[0m
[0.899s] [ 50%] Built target ament_cmake_python_copy_example_pkg
[1.004s] running egg_info
[1.004s] creating example_pkg.egg-info
[1.012s] writing example_pkg.egg-info/PKG-INFO
[1.012s] writing dependency_links to example_pkg.egg-info/dependency_links.txt
[1.012s] writing top-level names to example_pkg.egg-info/top_level.txt
[1.013s] writing manifest file 'example_pkg.egg-info/SOURCES.txt'
[1.038s] reading manifest file 'example_pkg.egg-info/SOURCES.txt'
[1.038s] writing manifest file 'example_pkg.egg-info/SOURCES.txt'
[1.057s] [ 50%] Built target ament_cmake_python_build_example_pkg_egg
[2.878s] [100%] [32m[1mLinking CXX executable example_node_cpp[0m
[2.962s] [100%] Built target example_node_cpp
[2.972s] Invoked command in '/root/milo_ws/build/example_pkg' returned '0': CMAKE_PREFIX_PATH=${CMAKE_PREFIX_PATH}:/opt/ros/jazzy /usr/bin/cmake --build /root/milo_ws/build/example_pkg -- -j32 -l32
[2.973s] Invoking command in '/root/milo_ws/build/example_pkg': CMAKE_PREFIX_PATH=${CMAKE_PREFIX_PATH}:/opt/ros/jazzy /usr/bin/cmake --install /root/milo_ws/build/example_pkg
[2.977s] -- Install configuration: ""
[2.977s] -- Installing: /root/milo_ws/install/example_pkg/lib/example_pkg/example_node_cpp
[2.978s] -- Set non-toolchain portion of runtime path of "/root/milo_ws/install/example_pkg/lib/example_pkg/example_node_cpp" to ""
[2.978s] -- Installing: /root/milo_ws/install/example_pkg/share/example_pkg/environment/pythonpath.sh
[2.978s] -- Installing: /root/milo_ws/install/example_pkg/share/example_pkg/environment/pythonpath.dsv
[2.978s] -- Installing: /root/milo_ws/install/example_pkg/lib/python3.12/site-packages/example_pkg-0.0.0-py3.12.egg-info
[2.978s] -- Installing: /root/milo_ws/install/example_pkg/lib/python3.12/site-packages/example_pkg-0.0.0-py3.12.egg-info/top_level.txt
[2.978s] -- Installing: /root/milo_ws/install/example_pkg/lib/python3.12/site-packages/example_pkg-0.0.0-py3.12.egg-info/dependency_links.txt
[2.978s] -- Installing: /root/milo_ws/install/example_pkg/lib/python3.12/site-packages/example_pkg-0.0.0-py3.12.egg-info/SOURCES.txt
[2.978s] -- Installing: /root/milo_ws/install/example_pkg/lib/python3.12/site-packages/example_pkg-0.0.0-py3.12.egg-info/PKG-INFO
[2.978s] -- Installing: /root/milo_ws/install/example_pkg/lib/python3.12/site-packages/example_pkg
[2.978s] -- Installing: /root/milo_ws/install/example_pkg/lib/python3.12/site-packages/example_pkg/module_to_import.py
[2.978s] -- Installing: /root/milo_ws/install/example_pkg/lib/python3.12/site-packages/example_pkg/__init__.py
[3.001s] Listing '/root/milo_ws/install/example_pkg/lib/python3.12/site-packages/example_pkg'...
[3.001s] Compiling '/root/milo_ws/install/example_pkg/lib/python3.12/site-packages/example_pkg/__init__.py'...
[3.001s] Compiling '/root/milo_ws/install/example_pkg/lib/python3.12/site-packages/example_pkg/module_to_import.py'...
[3.004s] -- Installing: /root/milo_ws/install/example_pkg/lib/example_pkg/example_node_py.py
[3.004s] -- Installing: /root/milo_ws/install/example_pkg/share/ament_index/resource_index/package_run_dependencies/example_pkg
[3.004s] -- Installing: /root/milo_ws/install/example_pkg/share/ament_index/resource_index/parent_prefix_path/example_pkg
[3.004s] -- Installing: /root/milo_ws/install/example_pkg/share/example_pkg/environment/ament_prefix_path.sh
[3.004s] -- Installing: /root/milo_ws/install/example_pkg/share/example_pkg/environment/ament_prefix_path.dsv
[3.004s] -- Installing: /root/milo_ws/install/example_pkg/share/example_pkg/environment/path.sh
[3.004s] -- Installing: /root/milo_ws/install/example_pkg/share/example_pkg/environment/path.dsv
[3.004s] -- Installing: /root/milo_ws/install/example_pkg/share/example_pkg/local_setup.bash
[3.004s] -- Installing: /root/milo_ws/install/example_pkg/share/example_pkg/local_setup.sh
[3.004s] -- Installing: /root/milo_ws/install/example_pkg/share/example_pkg/local_setup.zsh
[3.004s] -- Installing: /root/milo_ws/install/example_pkg/share/example_pkg/local_setup.dsv
[3.004s] -- Installing: /root/milo_ws/install/example_pkg/share/example_pkg/package.dsv
[3.005s] -- Installing: /root/milo_ws/install/example_pkg/share/ament_index/resource_index/packages/example_pkg
[3.005s] -- Installing: /root/milo_ws/install/example_pkg/share/example_pkg/cmake/example_pkgConfig.cmake
[3.005s] -- Installing: /root/milo_ws/install/example_pkg/share/example_pkg/cmake/example_pkgConfig-version.cmake
[3.005s] -- Installing: /root/milo_ws/install/example_pkg/share/example_pkg/package.xml
[3.006s] Invoked command in '/root/milo_ws/build/example_pkg' returned '0': CMAKE_PREFIX_PATH=${CMAKE_PREFIX_PATH}:/opt/ros/jazzy /usr/bin/cmake --install /root/milo_ws/build/example_pkg
